<?xml version="1.0" encoding="UTF-8"?>
<testsuites name="jest tests" tests="8" failures="0" time="6.328">
  <testsuite name="undefined" errors="0" failures="0" skipped="0" timestamp="2019-09-11T15:08:19" time="0.877" tests="1">
    <testcase classname=" adds 1 + 2 to equal 3" name=" adds 1 + 2 to equal 3" time="0.004">
    </testcase>
  </testsuite>
  <testsuite name="app" errors="0" failures="0" skipped="0" timestamp="2019-09-11T15:08:19" time="1.314" tests="1">
    <testcase classname="app should display a PopQuiz heading" name="app should display a PopQuiz heading" time="0.396">
    </testcase>
  </testsuite>
  <testsuite name="app" errors="0" failures="0" skipped="0" timestamp="2019-09-11T15:08:19" time="4.679" tests="6">
    <testcase classname="app should display a PopQuiz heading" name="app should display a PopQuiz heading" time="0.733">
    </testcase>
    <testcase classname="app click manage pop quiz " name="app click manage pop quiz " time="0.042">
    </testcase>
    <testcase classname="app should display first record" name="app should display first record" time="1.5">
    </testcase>
    <testcase classname="app add a new pop quiz" name="app add a new pop quiz" time="0.387">
    </testcase>
    <testcase classname="app benchmark adding a new pop quiz" name="app benchmark adding a new pop quiz" time="0.497">
    </testcase>
    <testcase classname="app list all pop quizes after adding" name="app list all pop quizes after adding" time="0.651">
    </testcase>
  </testsuite>
</testsuites>